Usage: tagmp3 [options] filename
	[-h]              prints this screen
	[-v]              prints version information
	[-p]              prints existing tag information
	[-r]              remove all existing tag information
	[-u]              set unspecified tags to empty string
	[-t title]        sets the title
	[-a artist]       sets the artist
	[-l album]        sets the album
	[-g genre]        sets the genre
	[-k track]        sets the track
	[-y year]         sets the year
	[-c comment]      sets the comment
